
> evie-crm-v2@2.1.0 test:desktop
> node --max-old-space-size=160 --test --test-concurrency=1 tests/*.test.cjs

TAP version 13
# Subtest: cross-tab notification invalidates only and never selects an account from storage
ok 1 - cross-tab notification invalidates only and never selects an account from storage
  ---
  duration_ms: 4362.863079
  type: 'test'
  ...
# Subtest: 401 locks account but a revision conflict does not log the user out
ok 2 - 401 locks account but a revision conflict does not log the user out
  ---
  duration_ms: 4.227228
  type: 'test'
  ...
# Subtest: session verification never silently switches to another account
ok 3 - session verification never silently switches to another account
  ---
  duration_ms: 4.557776
  type: 'test'
  ...
# Subtest: Electron adapter preserves HTTP status and respects pre-aborted requests
ok 4 - Electron adapter preserves HTTP status and respects pre-aborted requests
  ---
  duration_ms: 1.911918
  type: 'test'
  ...
# Subtest: restoring an expired session clears the former account identity
ok 5 - restoring an expired session clears the former account identity
  ---
  duration_ms: 2.663926
  type: 'test'
  ...
# Subtest: username canonicalization and strict account namespaces
ok 6 - username canonicalization and strict account namespaces
  ---
  duration_ms: 60.639235
  type: 'test'
  ...
# Subtest: disabled adapter makes no authentication call and does not manufacture a session
ok 7 - disabled adapter makes no authentication call and does not manufacture a session
  ---
  duration_ms: 8.266725
  type: 'test'
  ...
# Subtest: session restore scopes cached data; clear cancels late responses
ok 8 - session restore scopes cached data; clear cancels late responses
  ---
  duration_ms: 3.550712
  type: 'test'
  ...
# Subtest: auth API remains closed without configuration, makes no provider request
ok 9 - auth API remains closed without configuration, makes no provider request
  ---
  duration_ms: 12.136787
  type: 'test'
  ...
# Subtest: AES-GCM session storage is authenticated and not plaintext
ok 10 - AES-GCM session storage is authenticated and not plaintext
  ---
  duration_ms: 29.452932
  type: 'test'
  ...
# Subtest: module preferences retain hidden data and fixed entry routes
ok 11 - module preferences retain hidden data and fixed entry routes
  ---
  duration_ms: 3.540598
  type: 'test'
  ...
# Subtest: offline diff preserves non-UUID IDs and tombstones
ok 12 - offline diff preserves non-UUID IDs and tombstones
  ---
  duration_ms: 2.545664
  type: 'test'
  ...
# Subtest: same-record conflicts never silently discard unsynced local edits
ok 13 - same-record conflicts never silently discard unsynced local edits
  ---
  duration_ms: 1.554577
  type: 'test'
  ...
# Subtest: sync rejects another owner and cancellation prevents late writes
ok 14 - sync rejects another owner and cancellation prevents late writes
  ---
  duration_ms: 2.485372
  type: 'test'
  ...
# Subtest: JSONB key ordering does not create false conflicts or writes
ok 15 - JSONB key ordering does not create false conflicts or writes
  ---
  duration_ms: 1.379263
  type: 'test'
  ...
# Subtest: two devices merge different records and surface a same-record conflict
ok 16 - two devices merge different records and surface a same-record conflict
  ---
  duration_ms: 10.674087
  type: 'test'
  ...
# Subtest: incomplete acknowledgement never clears pending local mutations
ok 17 - incomplete acknowledgement never clears pending local mutations
  ---
  duration_ms: 2.183448
  type: 'test'
  ...
# Subtest: wrong-owner acknowledgement never enters the durable shadow
ok 18 - wrong-owner acknowledgement never enters the durable shadow
  ---
  duration_ms: 1.886867
  type: 'test'
  ...
# Subtest: edit during an in-flight push stays queued after acknowledgement
ok 19 - edit during an in-flight push stays queued after acknowledgement
  ---
  duration_ms: 11.088816
  type: 'test'
  ...
# Subtest: repeating pagination fails closed without replacing the Store
ok 20 - repeating pagination fails closed without replacing the Store
  ---
  duration_ms: 2.109135
  type: 'test'
  ...
# Subtest: SQL rejects SQL NULL, JSON null, empty or malformed mutation batches
ok 21 - SQL rejects SQL NULL, JSON null, empty or malformed mutation batches
  ---
  duration_ms: 21.964112
  type: 'test'
  ...
# Subtest: SQL requires typed identity and safe integer expected revisions
ok 22 - SQL requires typed identity and safe integer expected revisions
  ---
  duration_ms: 19.094241
  type: 'test'
  ...
# Subtest: SQL requires integer transaction cents even when amount is absent or JSON null
ok 23 - SQL requires integer transaction cents even when amount is absent or JSON null
  ---
  duration_ms: 19.388355
  type: 'test'
  ...
# Subtest: SQL state metadata rejects absent or wrong version, profile and preferences shapes
ok 24 - SQL state metadata rejects absent or wrong version, profile and preferences shapes
  ---
  duration_ms: 21.840909
  type: 'test'
  ...
# Subtest: SQL valid metadata keeps a neutral profile and uses the same CAS contract
ok 25 - SQL valid metadata keeps a neutral profile and uses the same CAS contract
  ---
  duration_ms: 15.837775
  type: 'test'
  ...
# Subtest: SQL invalid linked operation rolls back records and metadata together
ok 26 - SQL invalid linked operation rolls back records and metadata together
  ---
  duration_ms: 20.101664
  type: 'test'
  ...
# Subtest: SQL text IDs retain case and the maximum 80-byte identifier
ok 27 - SQL text IDs retain case and the maximum 80-byte identifier
  ---
  duration_ms: 8.342339
  type: 'test'
  ...
# Subtest: SQL constraints reject missing payload identity even for privileged maintenance writes
ok 28 - SQL constraints reject missing payload identity even for privileged maintenance writes
  ---
  duration_ms: 4.187824
  type: 'test'
  ...
# Subtest: Storage migration makes an existing public user-media bucket private
ok 29 - Storage migration makes an existing public user-media bucket private
  ---
  duration_ms: 1.532563
  type: 'test'
  ...
# Subtest: Storage RLS isolates object CRUD even with an unrelated permissive policy
ok 30 - Storage RLS isolates object CRUD even with an unrelated permissive policy
  ---
  duration_ms: 20.778903
  type: 'test'
  ...
# Subtest: Storage RLS rejects traversal, encoded paths and non-image names
ok 31 - Storage RLS rejects traversal, encoded paths and non-image names
  ---
  duration_ms: 10.482227
  type: 'test'
  ...
# Subtest: Storage anonymous requests cannot read or insert user media without blocking other buckets
ok 32 - Storage anonymous requests cannot read or insert user media without blocking other buckets
  ---
  duration_ms: 4.810442
  type: 'test'
  ...
# Subtest: SQL preserves text identity exactly and account B cannot read A
ok 33 - SQL preserves text identity exactly and account B cannot read A
  ---
  duration_ms: 10.736691
  type: 'test'
  ...
# Subtest: SQL RLS forbids owner substitution and anonymous private reads
ok 34 - SQL RLS forbids owner substitution and anonymous private reads
  ---
  duration_ms: 6.618326
  type: 'test'
  ...
# Subtest: SQL CAS makes linked batches atomic and rejects stale writes
ok 35 - SQL CAS makes linked batches atomic and rejects stale writes
  ---
  duration_ms: 6.423447
  type: 'test'
  ...
# Subtest: SQL rejects non-integer cents, invalid IDs and unknown collections
ok 36 - SQL rejects non-integer cents, invalid IDs and unknown collections
  ---
  duration_ms: 5.587682
  type: 'test'
  ...
# Subtest: new SQL profiles contain no owner identity and usernames are unique
ok 37 - new SQL profiles contain no owner identity and usernames are unique
  ---
  duration_ms: 2.828718
  type: 'test'
  ...
# Subtest: desktop account transport is disabled without configuration
ok 38 - desktop account transport is disabled without configuration
  ---
  duration_ms: 2.95504
  type: 'test'
  ...
# Subtest: desktop data requests use only the server-verified account; 401 locks it
ok 39 - desktop data requests use only the server-verified account; 401 locks it
  ---
  duration_ms: 57.458035
  type: 'test'
  ...
# Subtest: configured desktop accounts never fall back to the legacy local profile
ok 40 - configured desktop accounts never fall back to the legacy local profile
  ---
  duration_ms: 1.051037
  type: 'test'
  ...
# Subtest: desktop grants and microphone consent are per-user and per-device
ok 41 - desktop grants and microphone consent are per-user and per-device
  ---
  duration_ms: 4.700658
  type: 'test'
  ...
# Subtest: a delayed permission prompt cannot grant access to a different account
ok 42 - a delayed permission prompt cannot grant access to a different account
  ---
  duration_ms: 2.194816
  type: 'test'
  ...
# Subtest: late data responses are cancelled when the desktop account changes
ok 43 - late data responses are cancelled when the desktop account changes
  ---
  duration_ms: 1.361319
  type: 'test'
  ...
# Subtest: registry defines 33 typed capabilities, no generic execution
ok 44 - registry defines 33 typed capabilities, no generic execution
  ---
  duration_ms: 3.319118
  type: 'test'
  ...
# Subtest: strict arguments reject commands, raw paths, coercion and prototype pollution
ok 45 - strict arguments reject commands, raw paths, coercion and prototype pollution
  ---
  duration_ms: 0.798062
  type: 'test'
  ...
# Subtest: HTTPS exact domain, no credentials, subdomains, local protocols or custom ports
ok 46 - HTTPS exact domain, no credentials, subdomains, local protocols or custom ports
  ---
  duration_ms: 0.491037
  type: 'test'
  ...
# Subtest: contracts reject nonobjects, inherited fields and oversized text
ok 47 - contracts reject nonobjects, inherited fields and oversized text
  ---
  duration_ms: 0.508168
  type: 'test'
  ...
# Subtest: rate limit is enforced
ok 48 - rate limit is enforced
  ---
  duration_ms: 0.265161
  type: 'test'
  ...
# Subtest: write only commits after confirmation and cancellation never commits
ok 49 - write only commits after confirmation and cancellation never commits
  ---
  duration_ms: 2.070773
  type: 'test'
  ...
# Subtest: cancelling while confirmation is open invalidates execution
ok 50 - cancelling while confirmation is open invalidates execution
  ---
  duration_ms: 23.909337
  type: 'test'
  ...
# Subtest: read query bypasses confirmation, preserves real result
ok 51 - read query bypasses confirmation, preserves real result
  ---
  duration_ms: 0.46608
  type: 'test'
  ...
# Subtest: malicious tool is rejected before executor
ok 52 - malicious tool is rejected before executor
  ---
  duration_ms: 0.538025
  type: 'test'
  ...
# Subtest: Ollama parser accepts validated deterministic calls, rejects raw execution
ok 53 - Ollama parser accepts validated deterministic calls, rejects raw execution
  ---
  duration_ms: 0.738756
  type: 'test'
  ...
# Subtest: Ollama network stays on loopback with redirects rejected
ok 54 - Ollama network stays on loopback with redirects rejected
  ---
  duration_ms: 0.695242
  type: 'test'
  ...
# Subtest: conversation uses real read result and explicitly selected model
ok 55 - conversation uses real read result and explicitly selected model
  ---
  duration_ms: 84.515429
  type: 'test'
  ...
# Subtest: missing local model is a genuine failure
ok 56 - missing local model is a genuine failure
  ---
  duration_ms: 2.03083
  type: 'test'
  ...
# Subtest: PCM WAV validation rejects fake bytes and sample rates
ok 57 - PCM WAV validation rejects fake bytes and sample rates
  ---
  duration_ms: 1.804785
  type: 'test'
  ...
# Subtest: voice state machine keeps illegal transitions blocked
ok 58 - voice state machine keeps illegal transitions blocked
  ---
  duration_ms: 3.164869
  type: 'test'
  ...
# Subtest: audit omits sensitive free text and argument values
ok 59 - audit omits sensitive free text and argument values
  ---
  duration_ms: 3.435313
  type: 'test'
  ...
# Subtest: legacy migration is explicit and rejects unauthorized and unconfirmed imports
ok 60 - legacy migration is explicit and rejects unauthorized and unconfirmed imports
  ---
  duration_ms: 20.964425
  type: 'test'
  ...
# Subtest: legacy ZIP preserves source bytes, text IDs, media and hashes without modifying source
ok 61 - legacy ZIP preserves source bytes, text IDs, media and hashes without modifying source
  ---
  duration_ms: 36.811887
  type: 'test'
  ...
# Subtest: mutating a preview cannot inject unvalidated records into the import
ok 62 - mutating a preview cannot inject unvalidated records into the import
  ---
  duration_ms: 9.352615
  type: 'test'
  ...
# Subtest: missing legacy media blocks preview without writes
ok 63 - missing legacy media blocks preview without writes
  ---
  duration_ms: 1.626449
  type: 'test'
  ...
# Subtest: changed source or nonempty target blocks migration
ok 64 - changed source or nonempty target blocks migration
  ---
  duration_ms: 3.977833
  type: 'test'
  ...
# Subtest: download failure and backup quota failure never import records or images
ok 65 - download failure and backup quota failure never import records or images
  ---
  duration_ms: 15.415718
  type: 'test'
  ...
# Subtest: failed Store commit removes only newly copied destination images
ok 66 - failed Store commit removes only newly copied destination images
  ---
  duration_ms: 9.955871
  type: 'test'
  ...
# Subtest: account switch during image copy rolls back original scope, never the next account
ok 67 - account switch during image copy rolls back original scope, never the next account
  ---
  duration_ms: 11.397891
  type: 'test'
  ...
# Subtest: destination revision change while copying is never overwritten
ok 68 - destination revision change while copying is never overwritten
  ---
  duration_ms: 10.420534
  type: 'test'
  ...
# Subtest: existing media collision cannot overwrite another destination image
ok 69 - existing media collision cannot overwrite another destination image
  ---
  duration_ms: 6.606482
  type: 'test'
  ...
# Subtest: failed rollback retains recovery journal and blocks repeat import
ok 70 - failed rollback retains recovery journal and blocks repeat import
  ---
  duration_ms: 6.595343
  type: 'test'
  ...
# Subtest: journal quota after successful Store save does not delete imported images or invite retry
ok 71 - journal quota after successful Store save does not delete imported images or invite retry
  ---
  duration_ms: 9.249476
  type: 'test'
  ...
# Subtest: concurrent commit is blocked while download is pending
ok 72 - concurrent commit is blocked while download is pending
  ---
  duration_ms: 12.716143
  type: 'test'
  ...
# Subtest: PWA installation omits credentials and cannot cache private API paths
ok 73 - PWA installation omits credentials and cannot cache private API paths
  ---
  duration_ms: 88.711405
  type: 'test'
  ...
# Subtest: PWA bypasses auth, media, signed URLs, external requests and writes
ok 74 - PWA bypasses auth, media, signed URLs, external requests and writes
  ---
  duration_ms: 1.779628
  type: 'test'
  ...
# Subtest: PWA navigation uses matching versioned HTML and activation preserves unrelated caches
ok 75 - PWA navigation uses matching versioned HTML and activation preserves unrelated caches
  ---
  duration_ms: 4.997634
  type: 'test'
  ...
# Subtest: explicit module wins; scheduling never becomes a payment
ok 76 - explicit module wins; scheduling never becomes a payment
  ---
  duration_ms: 5.699415
  type: 'test'
  ...
# Subtest: money parser stores integer cents, not pesos or binary decimal fractions
ok 77 - money parser stores integer cents, not pesos or binary decimal fractions
  ---
  duration_ms: 0.675231
  type: 'test'
  ...
# Subtest: narrow deterministic commands preserve exact domain and meaning
ok 78 - narrow deterministic commands preserve exact domain and meaning
  ---
  duration_ms: 4.177128
  type: 'test'
  ...
# Subtest: required Finance sentence executes one financial write and announces only verified result
ok 79 - required Finance sentence executes one financial write and announces only verified result
  ---
  duration_ms: 27.397953
  type: 'test'
  ...
# Subtest: required reminder creates only Agenda task, no Finance write
ok 80 - required reminder creates only Agenda task, no Finance write
  ---
  duration_ms: 1.372472
  type: 'test'
  ...
# Subtest: cross-domain model batch is rejected before ANY tool runs
ok 81 - cross-domain model batch is rejected before ANY tool runs
  ---
  duration_ms: 0.960318
  type: 'test'
  ...
# Subtest: failure, duplicate client and unverified output cannot become model success
ok 82 - failure, duplicate client and unverified output cannot become model success
  ---
  duration_ms: 1.047909
  type: 'test'
  ...
# Subtest: duplicate-client clarification preserves the financial proposal but still executes through registry
ok 83 - duplicate-client clarification preserves the financial proposal but still executes through registry
  ---
  duration_ms: 1.188848
  type: 'test'
  ...
# Subtest: never switches automatically to an available fallback model
ok 84 - never switches automatically to an available fallback model
  ---
  duration_ms: 0.859936
  type: 'test'
  ...
# Subtest: ambiguous mutation clarifies without requesting a model or executing tools
ok 85 - ambiguous mutation clarifies without requesting a model or executing tools
  ---
  duration_ms: 0.49917
  type: 'test'
  ...
# Subtest: cancel while model is pending prevents tools
ok 86 - cancel while model is pending prevents tools
  ---
  duration_ms: 24.704705
  type: 'test'
  ...
# Subtest: preparation rejection never opens confirmation or commits
ok 87 - preparation rejection never opens confirmation or commits
  ---
  duration_ms: 1.716077
  type: 'test'
  ...
# Subtest: versioned migration preserves original bytes, apps, grants, AI paths and unknown preferences
ok 88 - versioned migration preserves original bytes, apps, grants, AI paths and unknown preferences
  ---
  duration_ms: 4.488033
  type: 'test'
  ...
# Subtest: malformed and newer settings are not silently reset or overwritten
ok 89 - malformed and newer settings are not silently reset or overwritten
  ---
  duration_ms: 1.163201
  type: 'test'
  ...
# Subtest: microphone consent survives host restart and explicit revocation
ok 90 - microphone consent survives host restart and explicit revocation
  ---
  duration_ms: 1.206889
  type: 'test'
  ...
# Subtest: replacing an authorized identity revokes its old action grants
ok 91 - replacing an authorized identity revokes its old action grants
  ---
  duration_ms: 1.104495
  type: 'test'
  ...
# Subtest: opacity full range and explicit model preference persist
ok 92 - opacity full range and explicit model preference persist
  ---
  duration_ms: 2.761757
  type: 'test'
  ...
# Subtest: diagnostic mic timeout discards without transcription or model dispatch
ok 93 - diagnostic mic timeout discards without transcription or model dispatch
  ---
  duration_ms: 14.827966
  type: 'test'
  ...
# Subtest: synthetic PCM recording encodes valid mono WAV and releases before dispatch
ok 94 - synthetic PCM recording encodes valid mono WAV and releases before dispatch
  ---
  duration_ms: 14.402106
  type: 'test'
  ...
# Subtest: cancel during microphone permission stops late stream without starting recorder
ok 95 - cancel during microphone permission stops late stream without starting recorder
  ---
  duration_ms: 18.784016
  type: 'test'
  ...
# Subtest: cancel ignores late transcription and never sends it to model
ok 96 - cancel ignores late transcription and never sends it to model
  ---
  duration_ms: 12.053125
  type: 'test'
  ...
# Subtest: cancel ignores late TTS and leaves no output AudioContext
ok 97 - cancel ignores late TTS and leaves no output AudioContext
  ---
  duration_ms: 6.353604
  type: 'test'
  ...
# Subtest: VAD requires voice and 1100ms silence; steady ambient never dispatches
ok 98 - VAD requires voice and 1100ms silence; steady ambient never dispatches
  ---
  duration_ms: 125.028808
  type: 'test'
  ...
# Subtest: continuous session sends one utterance then waits for actual TTS end before listening
ok 99 - continuous session sends one utterance then waits for actual TTS end before listening
  ---
  duration_ms: 49.587657
  type: 'test'
  ...
# Subtest: stop during continuous playback resolves pending speech without reopening microphone
ok 100 - stop during continuous playback resolves pending speech without reopening microphone
  ---
  duration_ms: 2.334648
  type: 'test'
  ...
# Subtest: denied session permission stops once with no retry timer
ok 101 - denied session permission stops once with no retry timer
  ---
  duration_ms: 2.115827
  type: 'test'
  ...
# Subtest: desktop state helper retains illegal transition rejection and cancels executing safely
ok 102 - desktop state helper retains illegal transition rejection and cancels executing safely
  ---
  duration_ms: 1.510418
  type: 'test'
  ...
# Subtest: confirmation token is exact, expiring, single-use and cannot move to another action
ok 103 - confirmation token is exact, expiring, single-use and cannot move to another action
  ---
  duration_ms: 3.012362
  type: 'test'
  ...
# Subtest: confirmation cancellation rejects approval and preserves immutable action snapshot
ok 104 - confirmation cancellation rejects approval and preserves immutable action snapshot
  ---
  duration_ms: 0.546861
  type: 'test'
  ...
# Subtest: catalog validates identities; shell, admin, remote, credentials and arbitrary protocols blocked
ok 105 - catalog validates identities; shell, admin, remote, credentials and arbitrary protocols blocked
  ---
  duration_ms: 3.64785
  type: 'test'
  ...
# Subtest: discovery uses fixed helper, deduplicates and never authorizes automatically
ok 106 - discovery uses fixed helper, deduplicates and never authorizes automatically
  ---
  duration_ms: 17.06607
  type: 'test'
  ...
# Subtest: typed windows tools reject injections and draft retains exact recipient and message
ok 107 - typed windows tools reject injections and draft retains exact recipient and message
  ---
  duration_ms: 3.654739
  type: 'test'
  ...
# Subtest: scoped files reject traversal and changed sources; rename is verified without overwrite
ok 108 - scoped files reject traversal and changed sources; rename is verified without overwrite
  ---
  duration_ms: 5.130593
  type: 'test'
  ...
# Subtest: persistent grants are scoped by action, app and trusted URL host
ok 109 - persistent grants are scoped by action, app and trusted URL host
  ---
  duration_ms: 2.759226
  type: 'test'
  ...
1..109
# tests 109
# suites 0
# pass 109
# fail 0
# cancelled 0
# skipped 0
# todo 0
# duration_ms 6833.819492
